arch/x86/crypto/aesni-intel_glue.c:  ((CRYPTO_AES_NI_INTEL == "y") || (CRYPTO_AES_NI_INTEL == "m"))
arch/x86/crypto/fpu.c:  ((CRYPTO_FPU == "y") || (CRYPTO_FPU == "m"))
arch/x86/crypto/ghash-clmulni-intel_glue.c:  ((CRYPTO_GHASH_CLMUL_NI_INTEL == "y") || (CRYPTO_GHASH_CLMUL_NI_INTEL == "m"))
arch/x86/ia32/audit.c:  ((AUDIT == "y") && ((IA32_EMULATION == "y") || (IA32_EMULATION == "m")))
arch/x86/ia32/ia32_aout.c:  (((IA32_AOUT == "y") || (IA32_AOUT == "m")) && ((IA32_EMULATION == "y") || (IA32_EMULATION == "m")))
arch/x86/ia32/ia32_signal.c:  ((IA32_EMULATION == "y") || (IA32_EMULATION == "m"))
arch/x86/ia32/ipc32.c:  ((SYSVIPC == "y") && ((IA32_EMULATION == "y") || (IA32_EMULATION == "m")))
arch/x86/ia32/sys_ia32.c:  ((IA32_EMULATION == "y") || (IA32_EMULATION == "m"))
arch/x86/kernel/acpi/cstate.c:  InvalidExpression()
arch/x86/kernel/amd_iommu.c:  (((AMD_IOMMU == "y") || (AMD_IOMMU == "m")) && (X86_64 == "y"))
arch/x86/kernel/amd_iommu_init.c:  (((AMD_IOMMU == "y") || (AMD_IOMMU == "m")) && (X86_64 == "y"))
arch/x86/kernel/aperture_64.c:  (((GART_IOMMU == "y") || (GART_IOMMU == "m")) && (X86_64 == "y"))
arch/x86/kernel/apic/apic_flat_64.c:  (X86_64 == "y")
arch/x86/kernel/apic/es7000_32.c:  ((X86_ES7000 == "y") || (X86_ES7000 == "m"))
arch/x86/kernel/apic/numaq_32.c:  ((X86_NUMAQ == "y") || (X86_NUMAQ == "m"))
arch/x86/kernel/apic/summit_32.c:  ((X86_SUMMIT == "y") || (X86_SUMMIT == "m"))
arch/x86/kernel/apic/x2apic_cluster.c:  (((X86_X2APIC == "y") || (X86_X2APIC == "m")) && (X86_64 == "y"))
arch/x86/kernel/apic/x2apic_phys.c:  (((X86_X2APIC == "y") || (X86_X2APIC == "m")) && (X86_64 == "y"))
arch/x86/kernel/apic/x2apic_uv_x.c:  (((X86_UV == "y") || (X86_UV == "m")) && (X86_64 == "y"))
arch/x86/kernel/audit_64.c:  (((AUDIT == "y") || (AUDIT == "m")) && (X86_64 == "y"))
arch/x86/kernel/bios_uv.c:  (((X86_UV == "y") || (X86_UV == "m")) && (X86_64 == "y"))
arch/x86/kernel/cpu/bugs_64.c:  ((X86_64 == "y") || (X86_64 == "m"))
arch/x86/kernel/cpu/cpufreq/elanfreq.c:  (((ELAN_CPUFREQ == "y") || (ELAN_CPUFREQ == "m")) && ((CPU_FREQ == "y") || (CPU_FREQ == "m")))
arch/x86/kernel/cpu/cpufreq/sc520_freq.c:  (((SC520_CPUFREQ == "y") || (SC520_CPUFREQ == "m")) && ((CPU_FREQ == "y") || (CPU_FREQ == "m")))
arch/x86/kernel/ds.c:  ((X86_DS == "y") || (X86_DS == "m"))
arch/x86/kernel/ds_selftest.c:  ((X86_DS_SELFTEST == "y") || (X86_DS_SELFTEST == "m"))
arch/x86/kernel/mmconf-fam10h_64.c:  (((PCI_MMCONFIG == "y") || (PCI_MMCONFIG == "m")) && (X86_64 == "y"))
arch/x86/kernel/mrst.c:  ((X86_MRST == "y") || (X86_MRST == "m"))
arch/x86/kernel/pci-calgary_64.c:  (((CALGARY_IOMMU == "y") || (CALGARY_IOMMU == "m")) && (X86_64 == "y"))
arch/x86/kernel/pci-gart_64.c:  (((GART_IOMMU == "y") || (GART_IOMMU == "m")) && (X86_64 == "y"))
arch/x86/kernel/pci-swiotlb.c:  ((SWIOTLB == "y") || (SWIOTLB == "m"))
arch/x86/kernel/pmtimer_64.c:  (((X86_PM_TIMER == "y") || (X86_PM_TIMER == "m")) && (X86_64 == "y"))
arch/x86/kernel/sys_x86_64.c:  ((X86_64 == "y") || (X86_64 == "m"))
arch/x86/kernel/syscall_64.c:  ((X86_64 == "y") || (X86_64 == "m"))
arch/x86/kernel/tce_64.c:  (((CALGARY_IOMMU == "y") || (CALGARY_IOMMU == "m")) && (X86_64 == "y"))
arch/x86/kernel/tlb_uv.c:  (((X86_UV == "y") || (X86_UV == "m")) && (X86_64 == "y"))
arch/x86/kernel/uv_irq.c:  (((X86_UV == "y") || (X86_UV == "m")) && (X86_64 == "y"))
arch/x86/kernel/uv_sysfs.c:  (((X86_UV == "y") || (X86_UV == "m")) && (X86_64 == "y"))
arch/x86/kernel/uv_time.c:  (((X86_UV == "y") || (X86_UV == "m")) && (X86_64 == "y"))
arch/x86/kernel/visws_quirks.c:  ((X86_VISWS == "y") || (X86_VISWS == "m"))
arch/x86/kernel/vsmp_64.c:  (X86_64 == "y")
arch/x86/kernel/vsyscall_64.c:  ((X86_64 == "y") || (X86_64 == "m"))
arch/x86/kernel/x8664_ksyms_64.c:  ((X86_64 == "y") || (X86_64 == "m"))
arch/x86/mm/k8topology_64.c:  ((K8_NUMA == "y") || (K8_NUMA == "m"))
block/compat_ioctl.c:  ((BLOCK_COMPAT == "y") || (BLOCK_COMPAT == "m"))
crypto/async_tx/async_memset.c:  (((ASYNC_MEMSET == "y") || (ASYNC_MEMSET == "m")) && ((ASYNC_CORE == "y") || (ASYNC_CORE == "m")))
drivers/char/agp/compat_ioctl.c:  ((COMPAT == "y") && ((AGP == "y") || (AGP == "m")))
drivers/char/agp/parisc-agp.c:  (((AGP_PARISC == "y") || (AGP_PARISC == "m")) && ((AGP == "y") || (AGP == "m")))
drivers/char/rio/rio_linux.c:  ((RIO == "y") || (RIO == "m"))
drivers/char/rio/rioboot.c:  ((RIO == "y") || (RIO == "m"))
drivers/char/rio/riocmd.c:  ((RIO == "y") || (RIO == "m"))
drivers/char/rio/rioctrl.c:  ((RIO == "y") || (RIO == "m"))
drivers/char/rio/rioinit.c:  ((RIO == "y") || (RIO == "m"))
drivers/char/rio/riointr.c:  ((RIO == "y") || (RIO == "m"))
drivers/char/rio/rioparam.c:  ((RIO == "y") || (RIO == "m"))
drivers/char/rio/rioroute.c:  ((RIO == "y") || (RIO == "m"))
drivers/char/rio/riotable.c:  ((RIO == "y") || (RIO == "m"))
drivers/char/rio/riotty.c:  ((RIO == "y") || (RIO == "m"))
drivers/char/ser_a2232.c:  ((A2232 == "y") || (A2232 == "m"))
drivers/char/sx.c:  ((SX == "y") || (SX == "m"))
drivers/char/uv_mmtimer.c:  ((UV_MMTIMER == "y") || (UV_MMTIMER == "m"))
drivers/clocksource/cyclone.c:  (((X86_CYCLONE_TIMER == "y") || (X86_CYCLONE_TIMER == "m")) && ((GENERIC_TIME == "y") || (GENERIC_TIME == "m")))
drivers/edac/amd64_edac.c:  (((EDAC_AMD64 == "y") || (EDAC_AMD64 == "m")) && ((EDAC == "y") || (EDAC == "m")))
drivers/edac/amd64_edac_dbg.c:  ((EDAC_DEBUG == "y") && (((EDAC_AMD64 == "y") || (EDAC_AMD64 == "m")) && ((EDAC == "y") || (EDAC == "m"))))
drivers/edac/amd64_edac_inj.c:  ((EDAC_AMD64_ERROR_INJECTION == "y") && (((EDAC_AMD64 == "y") || (EDAC_AMD64 == "m")) && ((EDAC == "y") || (EDAC == "m"))))
drivers/edac/i82443bxgx_edac.c:  (((EDAC_I82443BXGX == "y") || (EDAC_I82443BXGX == "m")) && ((EDAC == "y") || (EDAC == "m")))
drivers/gpu/drm/drm_ioc32.c:  ((COMPAT == "y") && ((DRM == "y") || (DRM == "m")))
drivers/gpu/drm/i915/i915_ioc32.c:  ((COMPAT == "y") && ((DRM_I915 == "y") || (DRM_I915 == "m")))
drivers/gpu/drm/mga/mga_ioc32.c:  ((COMPAT == "y") && ((DRM_MGA == "y") || (DRM_MGA == "m")))
drivers/gpu/drm/nouveau/nouveau_ioc32.c:  ((COMPAT == "y") && ((DRM_NOUVEAU == "y") || (DRM_NOUVEAU == "m")))
drivers/gpu/drm/r128/r128_ioc32.c:  ((COMPAT == "y") && ((DRM_R128 == "y") || (DRM_R128 == "m")))
drivers/gpu/drm/radeon/radeon_ioc32.c:  ((COMPAT == "y") && ((DRM_RADEON == "y") || (DRM_RADEON == "m")))
drivers/i2c/busses/i2c-at91.c:  ((I2C_AT91 == "y") || (I2C_AT91 == "m"))
drivers/i2c/busses/i2c-designware.c:  ((I2C_DESIGNWARE == "y") || (I2C_DESIGNWARE == "m"))
drivers/idle/i7300_idle.c:  ((I7300_IDLE == "y") || (I7300_IDLE == "m"))
drivers/infiniband/hw/ipath/ipath_cq.c:  (((INFINIBAND_IPATH == "y") || (INFINIBAND_IPATH == "m")) && ((INFINIBAND == "y") || (INFINIBAND == "m")))
drivers/infiniband/hw/ipath/ipath_diag.c:  (((INFINIBAND_IPATH == "y") || (INFINIBAND_IPATH == "m")) && ((INFINIBAND == "y") || (INFINIBAND == "m")))
drivers/infiniband/hw/ipath/ipath_dma.c:  (((INFINIBAND_IPATH == "y") || (INFINIBAND_IPATH == "m")) && ((INFINIBAND == "y") || (INFINIBAND == "m")))
drivers/infiniband/hw/ipath/ipath_driver.c:  (((INFINIBAND_IPATH == "y") || (INFINIBAND_IPATH == "m")) && ((INFINIBAND == "y") || (INFINIBAND == "m")))
drivers/infiniband/hw/ipath/ipath_eeprom.c:  (((INFINIBAND_IPATH == "y") || (INFINIBAND_IPATH == "m")) && ((INFINIBAND == "y") || (INFINIBAND == "m")))
drivers/infiniband/hw/ipath/ipath_file_ops.c:  (((INFINIBAND_IPATH == "y") || (INFINIBAND_IPATH == "m")) && ((INFINIBAND == "y") || (INFINIBAND == "m")))
drivers/infiniband/hw/ipath/ipath_fs.c:  (((INFINIBAND_IPATH == "y") || (INFINIBAND_IPATH == "m")) && ((INFINIBAND == "y") || (INFINIBAND == "m")))
drivers/infiniband/hw/ipath/ipath_iba6110.c:  ((HT_IRQ == "y") && (((INFINIBAND_IPATH == "y") || (INFINIBAND_IPATH == "m")) && ((INFINIBAND == "y") || (INFINIBAND == "m"))))
drivers/infiniband/hw/ipath/ipath_iba6120.c:  ((PCI_MSI == "y") && (((INFINIBAND_IPATH == "y") || (INFINIBAND_IPATH == "m")) && ((INFINIBAND == "y") || (INFINIBAND == "m"))))
drivers/infiniband/hw/ipath/ipath_iba7220.c:  (((INFINIBAND_IPATH == "y") || (INFINIBAND_IPATH == "m")) && ((INFINIBAND == "y") || (INFINIBAND == "m")))
drivers/infiniband/hw/ipath/ipath_init_chip.c:  (((INFINIBAND_IPATH == "y") || (INFINIBAND_IPATH == "m")) && ((INFINIBAND == "y") || (INFINIBAND == "m")))
drivers/infiniband/hw/ipath/ipath_intr.c:  (((INFINIBAND_IPATH == "y") || (INFINIBAND_IPATH == "m")) && ((INFINIBAND == "y") || (INFINIBAND == "m")))
drivers/infiniband/hw/ipath/ipath_keys.c:  (((INFINIBAND_IPATH == "y") || (INFINIBAND_IPATH == "m")) && ((INFINIBAND == "y") || (INFINIBAND == "m")))
drivers/infiniband/hw/ipath/ipath_mad.c:  (((INFINIBAND_IPATH == "y") || (INFINIBAND_IPATH == "m")) && ((INFINIBAND == "y") || (INFINIBAND == "m")))
drivers/infiniband/hw/ipath/ipath_mmap.c:  (((INFINIBAND_IPATH == "y") || (INFINIBAND_IPATH == "m")) && ((INFINIBAND == "y") || (INFINIBAND == "m")))
drivers/infiniband/hw/ipath/ipath_mr.c:  (((INFINIBAND_IPATH == "y") || (INFINIBAND_IPATH == "m")) && ((INFINIBAND == "y") || (INFINIBAND == "m")))
drivers/infiniband/hw/ipath/ipath_qp.c:  (((INFINIBAND_IPATH == "y") || (INFINIBAND_IPATH == "m")) && ((INFINIBAND == "y") || (INFINIBAND == "m")))
drivers/infiniband/hw/ipath/ipath_rc.c:  (((INFINIBAND_IPATH == "y") || (INFINIBAND_IPATH == "m")) && ((INFINIBAND == "y") || (INFINIBAND == "m")))
drivers/infiniband/hw/ipath/ipath_ruc.c:  (((INFINIBAND_IPATH == "y") || (INFINIBAND_IPATH == "m")) && ((INFINIBAND == "y") || (INFINIBAND == "m")))
drivers/infiniband/hw/ipath/ipath_sd7220.c:  (((INFINIBAND_IPATH == "y") || (INFINIBAND_IPATH == "m")) && ((INFINIBAND == "y") || (INFINIBAND == "m")))
drivers/infiniband/hw/ipath/ipath_sd7220_img.c:  (((INFINIBAND_IPATH == "y") || (INFINIBAND_IPATH == "m")) && ((INFINIBAND == "y") || (INFINIBAND == "m")))
drivers/infiniband/hw/ipath/ipath_sdma.c:  (((INFINIBAND_IPATH == "y") || (INFINIBAND_IPATH == "m")) && ((INFINIBAND == "y") || (INFINIBAND == "m")))
drivers/infiniband/hw/ipath/ipath_srq.c:  (((INFINIBAND_IPATH == "y") || (INFINIBAND_IPATH == "m")) && ((INFINIBAND == "y") || (INFINIBAND == "m")))
drivers/infiniband/hw/ipath/ipath_stats.c:  (((INFINIBAND_IPATH == "y") || (INFINIBAND_IPATH == "m")) && ((INFINIBAND == "y") || (INFINIBAND == "m")))
drivers/infiniband/hw/ipath/ipath_sysfs.c:  (((INFINIBAND_IPATH == "y") || (INFINIBAND_IPATH == "m")) && ((INFINIBAND == "y") || (INFINIBAND == "m")))
drivers/infiniband/hw/ipath/ipath_uc.c:  (((INFINIBAND_IPATH == "y") || (INFINIBAND_IPATH == "m")) && ((INFINIBAND == "y") || (INFINIBAND == "m")))
drivers/infiniband/hw/ipath/ipath_ud.c:  (((INFINIBAND_IPATH == "y") || (INFINIBAND_IPATH == "m")) && ((INFINIBAND == "y") || (INFINIBAND == "m")))
drivers/infiniband/hw/ipath/ipath_user_pages.c:  (((INFINIBAND_IPATH == "y") || (INFINIBAND_IPATH == "m")) && ((INFINIBAND == "y") || (INFINIBAND == "m")))
drivers/infiniband/hw/ipath/ipath_user_sdma.c:  (((INFINIBAND_IPATH == "y") || (INFINIBAND_IPATH == "m")) && ((INFINIBAND == "y") || (INFINIBAND == "m")))
drivers/infiniband/hw/ipath/ipath_verbs.c:  (((INFINIBAND_IPATH == "y") || (INFINIBAND_IPATH == "m")) && ((INFINIBAND == "y") || (INFINIBAND == "m")))
drivers/infiniband/hw/ipath/ipath_verbs_mcast.c:  (((INFINIBAND_IPATH == "y") || (INFINIBAND_IPATH == "m")) && ((INFINIBAND == "y") || (INFINIBAND == "m")))
drivers/infiniband/hw/ipath/ipath_wc_ppc64.c:  ((PPC64 == "y") && (((INFINIBAND_IPATH == "y") || (INFINIBAND_IPATH == "m")) && ((INFINIBAND == "y") || (INFINIBAND == "m"))))
drivers/infiniband/hw/ipath/ipath_wc_x86_64.c:  ((X86_64 == "y") && (((INFINIBAND_IPATH == "y") || (INFINIBAND_IPATH == "m")) && ((INFINIBAND == "y") || (INFINIBAND == "m"))))
drivers/input/touchscreen/w90p910_ts.c:  (((TOUCHSCREEN_W90X900 == "y") || (TOUCHSCREEN_W90X900 == "m")) && (((INPUT_TOUCHSCREEN == "y") || (INPUT_TOUCHSCREEN == "m")) && ((INPUT == "y") || (INPUT == "m"))))
drivers/isdn/hysdn/hycapi.c:  ((HYSDN_CAPI == "y") && (((HYSDN == "y") || (HYSDN == "m")) && ((ISDN == "y") || (ISDN == "m"))))
drivers/media/video/sh_mobile_ceu_camera.c:  ((VIDEO_SH_MOBILE_CEU == "y") || (VIDEO_SH_MOBILE_CEU == "m"))
drivers/media/video/v4l2-compat-ioctl32.c:  (((VIDEO_DEV == "y") || (VIDEO_DEV == "m")) && (COMPAT == "y"))
drivers/mfd/t7l66xb.c:  ((MFD_T7L66XB == "y") || (MFD_T7L66XB == "m"))
drivers/mfd/tc6387xb.c:  ((MFD_TC6387XB == "y") || (MFD_TC6387XB == "m"))
drivers/misc/sgi-gru/grufault.c:  ((SGI_GRU == "y") || (SGI_GRU == "m"))
drivers/misc/sgi-gru/grufile.c:  ((SGI_GRU == "y") || (SGI_GRU == "m"))
drivers/misc/sgi-gru/gruhandles.c:  ((SGI_GRU == "y") || (SGI_GRU == "m"))
drivers/misc/sgi-gru/grukdump.c:  ((SGI_GRU == "y") || (SGI_GRU == "m"))
drivers/misc/sgi-gru/grukservices.c:  ((SGI_GRU == "y") || (SGI_GRU == "m"))
drivers/misc/sgi-gru/grumain.c:  ((SGI_GRU == "y") || (SGI_GRU == "m"))
drivers/misc/sgi-gru/gruprocfs.c:  ((SGI_GRU == "y") || (SGI_GRU == "m"))
drivers/misc/sgi-gru/grutlbpurge.c:  ((SGI_GRU == "y") || (SGI_GRU == "m"))
drivers/mtd/maps/dilnetpc.c:  (((MTD_DILNETPC == "y") || (MTD_DILNETPC == "m")) && ((MTD == "y") || (MTD == "m")))
drivers/mtd/maps/pcmciamtd.c:  (((MTD_PCMCIA == "y") || (MTD_PCMCIA == "m")) && ((MTD == "y") || (MTD == "m")))
drivers/mtd/maps/uclinux.c:  (((MTD_UCLINUX == "y") || (MTD_UCLINUX == "m")) && ((MTD == "y") || (MTD == "m")))
drivers/mtd/nand/ppchameleonevb.c:  (((MTD_NAND_PPCHAMELEONEVB == "y") || (MTD_NAND_PPCHAMELEONEVB == "m")) && ((MTD == "y") || (MTD == "m")))
drivers/net/ibm_newemac/rgmii.c:  ((IBM_NEW_EMAC_RGMII == "y") && ((IBM_NEW_EMAC == "y") || (IBM_NEW_EMAC == "m")))
drivers/net/ibm_newemac/tah.c:  ((IBM_NEW_EMAC_TAH == "y") && ((IBM_NEW_EMAC == "y") || (IBM_NEW_EMAC == "m")))
drivers/net/ibm_newemac/zmii.c:  ((IBM_NEW_EMAC_ZMII == "y") && ((IBM_NEW_EMAC == "y") || (IBM_NEW_EMAC == "m")))
drivers/net/myri_sbus.c:  ((MYRI_SBUS == "y") || (MYRI_SBUS == "m"))
drivers/net/sfc/mtd.c:  ((SFC_MTD == "y") && ((SFC == "y") || (SFC == "m")))
drivers/net/sunbmac.c:  ((SUNBMAC == "y") || (SUNBMAC == "m"))
drivers/net/sunlance.c:  ((SUNLANCE == "y") || (SUNLANCE == "m"))
drivers/net/sunqe.c:  ((SUNQE == "y") || (SUNQE == "m"))
drivers/net/wan/pc300_drv.c:  (((PC300 == "y") || (PC300 == "m")) && ((WAN == "y") || (WAN == "m")))
drivers/net/wan/pc300_tty.c:  ((PC300_MLPPP == "y") && (((PC300 == "y") || (PC300 == "m")) && ((WAN == "y") || (WAN == "m"))))
drivers/net/wireless/b43/phy_n.c:  ((B43_NPHY == "y") && ((B43 == "y") || (B43 == "m")))
drivers/net/wireless/b43/tables_nphy.c:  ((B43_NPHY == "y") && ((B43 == "y") || (B43 == "m")))
drivers/parport/parport_sunbpp.c:  (((PARPORT_SUNBPP == "y") || (PARPORT_SUNBPP == "m")) && ((PARPORT == "y") || (PARPORT == "m")))
drivers/pci/intr_remapping.c:  (((INTR_REMAP == "y") || (INTR_REMAP == "m")) && ((PCI == "y") || (PCI == "m")))
drivers/rtc/rtc-sh.c:  (((RTC_DRV_SH == "y") || (RTC_DRV_SH == "m")) && ((RTC_LIB == "y") || (RTC_LIB == "m")))
drivers/sbus/char/bbc_envctrl.c:  (((BBC_I2C == "y") || (BBC_I2C == "m")) && (((SBUSCHAR == "y") || (SBUSCHAR == "m")) && ((SBUS == "y") || (SBUS == "m"))))
drivers/sbus/char/bbc_i2c.c:  (((BBC_I2C == "y") || (BBC_I2C == "m")) && (((SBUSCHAR == "y") || (SBUSCHAR == "m")) && ((SBUS == "y") || (SBUS == "m"))))
drivers/sbus/char/display7seg.c:  (((DISPLAY7SEG == "y") || (DISPLAY7SEG == "m")) && (((SBUSCHAR == "y") || (SBUSCHAR == "m")) && ((SBUS == "y") || (SBUS == "m"))))
drivers/sbus/char/envctrl.c:  (((ENVCTRL == "y") || (ENVCTRL == "m")) && (((SBUSCHAR == "y") || (SBUSCHAR == "m")) && ((SBUS == "y") || (SBUS == "m"))))
drivers/sbus/char/flash.c:  (((OBP_FLASH == "y") || (OBP_FLASH == "m")) && (((SBUSCHAR == "y") || (SBUSCHAR == "m")) && ((SBUS == "y") || (SBUS == "m"))))
drivers/sbus/char/jsflash.c:  (((SUN_JSFLASH == "y") || (SUN_JSFLASH == "m")) && (((SBUSCHAR == "y") || (SBUSCHAR == "m")) && ((SBUS == "y") || (SBUS == "m"))))
drivers/sbus/char/openprom.c:  (((SUN_OPENPROMIO == "y") || (SUN_OPENPROMIO == "m")) && (((SBUSCHAR == "y") || (SBUSCHAR == "m")) && ((SBUS == "y") || (SBUS == "m"))))
drivers/sbus/char/uctrl.c:  (((TADPOLE_TS102_UCTRL == "y") || (TADPOLE_TS102_UCTRL == "m")) && (((SBUSCHAR == "y") || (SBUSCHAR == "m")) && ((SBUS == "y") || (SBUS == "m"))))
drivers/scsi/eata_pio.c:  (((SCSI_EATA_PIO == "y") || (SCSI_EATA_PIO == "m")) && ((SCSI == "y") || (SCSI == "m")))
drivers/scsi/qlogicpti.c:  (((SCSI_QLOGICPTI == "y") || (SCSI_QLOGICPTI == "m")) && ((SCSI == "y") || (SCSI == "m")))
drivers/scsi/sun_esp.c:  (((SCSI_SUNESP == "y") || (SCSI_SUNESP == "m")) && ((SCSI == "y") || (SCSI == "m")))
drivers/serial/serial_txx9.c:  ((SERIAL_TXX9 == "y") || (SERIAL_TXX9 == "m"))
drivers/serial/sh-sci.c:  ((SERIAL_SH_SCI == "y") || (SERIAL_SH_SCI == "m"))
drivers/spi/spi_sh_msiof.c:  (((SPI_SH_MSIOF == "y") || (SPI_SH_MSIOF == "m")) && ((SPI == "y") || (SPI == "m")))
drivers/staging/dream/camera/msm_camera.c:  (((MSM_CAMERA == "y") || (MSM_CAMERA == "m")) && (((DREAM == "y") || (DREAM == "m")) && ((STAGING == "y") || (STAGING == "m"))))
drivers/staging/dream/camera/msm_io7x.c:  (((ARCH_MSM == "y") || (ARCH_MSM == "m")) && (((MSM_CAMERA == "y") || (MSM_CAMERA == "m")) && (((DREAM == "y") || (DREAM == "m")) && ((STAGING == "y") || (STAGING == "m")))))
drivers/staging/dream/camera/msm_io8x.c:  (((ARCH_QSD == "y") || (ARCH_QSD == "m")) && (((MSM_CAMERA == "y") || (MSM_CAMERA == "m")) && (((DREAM == "y") || (DREAM == "m")) && ((STAGING == "y") || (STAGING == "m")))))
drivers/staging/dream/camera/msm_v4l2.c:  (((MSM_CAMERA == "y") || (MSM_CAMERA == "m")) && (((DREAM == "y") || (DREAM == "m")) && ((STAGING == "y") || (STAGING == "m"))))
drivers/staging/dream/camera/msm_vfe7x.c:  (((ARCH_MSM == "y") || (ARCH_MSM == "m")) && (((MSM_CAMERA == "y") || (MSM_CAMERA == "m")) && (((DREAM == "y") || (DREAM == "m")) && ((STAGING == "y") || (STAGING == "m")))))
drivers/staging/dream/camera/msm_vfe8x.c:  (((ARCH_QSD == "y") || (ARCH_QSD == "m")) && (((MSM_CAMERA == "y") || (MSM_CAMERA == "m")) && (((DREAM == "y") || (DREAM == "m")) && ((STAGING == "y") || (STAGING == "m")))))
drivers/staging/dream/camera/msm_vfe8x_proc.c:  (((ARCH_QSD == "y") || (ARCH_QSD == "m")) && (((MSM_CAMERA == "y") || (MSM_CAMERA == "m")) && (((DREAM == "y") || (DREAM == "m")) && ((STAGING == "y") || (STAGING == "m")))))
drivers/staging/dream/camera/mt9d112.c:  (((MT9D112 == "y") || (MT9D112 == "m")) && (((MSM_CAMERA == "y") || (MSM_CAMERA == "m")) && (((DREAM == "y") || (DREAM == "m")) && ((STAGING == "y") || (STAGING == "m")))))
drivers/staging/dream/camera/mt9d112_reg.c:  (((MT9D112 == "y") || (MT9D112 == "m")) && (((MSM_CAMERA == "y") || (MSM_CAMERA == "m")) && (((DREAM == "y") || (DREAM == "m")) && ((STAGING == "y") || (STAGING == "m")))))
drivers/staging/dream/camera/mt9p012_fox.c:  (((MT9P012 == "y") || (MT9P012 == "m")) && (((MSM_CAMERA == "y") || (MSM_CAMERA == "m")) && (((DREAM == "y") || (DREAM == "m")) && ((STAGING == "y") || (STAGING == "m")))))
drivers/staging/dream/camera/mt9p012_reg.c:  (((MT9P012 == "y") || (MT9P012 == "m")) && (((MSM_CAMERA == "y") || (MSM_CAMERA == "m")) && (((DREAM == "y") || (DREAM == "m")) && ((STAGING == "y") || (STAGING == "m")))))
drivers/staging/dream/camera/mt9t013.c:  (((MT9T013 == "y") || (MT9T013 == "m")) && (((MSM_CAMERA == "y") || (MSM_CAMERA == "m")) && (((DREAM == "y") || (DREAM == "m")) && ((STAGING == "y") || (STAGING == "m")))))
drivers/staging/dream/camera/mt9t013_reg.c:  (((MT9T013 == "y") || (MT9T013 == "m")) && (((MSM_CAMERA == "y") || (MSM_CAMERA == "m")) && (((DREAM == "y") || (DREAM == "m")) && ((STAGING == "y") || (STAGING == "m")))))
drivers/staging/dream/camera/s5k3e2fx.c:  (((S5K3E2FX == "y") || (S5K3E2FX == "m")) && (((MSM_CAMERA == "y") || (MSM_CAMERA == "m")) && (((DREAM == "y") || (DREAM == "m")) && ((STAGING == "y") || (STAGING == "m")))))
drivers/staging/dream/gpio_axis.c:  (((INPUT_GPIO == "y") || (INPUT_GPIO == "m")) && (((DREAM == "y") || (DREAM == "m")) && ((STAGING == "y") || (STAGING == "m"))))
drivers/staging/dream/gpio_event.c:  (((INPUT_GPIO == "y") || (INPUT_GPIO == "m")) && (((DREAM == "y") || (DREAM == "m")) && ((STAGING == "y") || (STAGING == "m"))))
drivers/staging/dream/gpio_input.c:  (((INPUT_GPIO == "y") || (INPUT_GPIO == "m")) && (((DREAM == "y") || (DREAM == "m")) && ((STAGING == "y") || (STAGING == "m"))))
drivers/staging/dream/gpio_matrix.c:  (((INPUT_GPIO == "y") || (INPUT_GPIO == "m")) && (((DREAM == "y") || (DREAM == "m")) && ((STAGING == "y") || (STAGING == "m"))))
drivers/staging/dream/gpio_output.c:  (((INPUT_GPIO == "y") || (INPUT_GPIO == "m")) && (((DREAM == "y") || (DREAM == "m")) && ((STAGING == "y") || (STAGING == "m"))))
drivers/staging/dream/qdsp5/adsp.c:  (((MSM_ADSP == "y") || (MSM_ADSP == "m")) && (((DREAM == "y") || (DREAM == "m")) && ((STAGING == "y") || (STAGING == "m"))))
drivers/staging/dream/qdsp5/adsp_6225.c:  (!(MSM_AMSS_VERSION_6350 == "y") && (((MSM_ADSP == "y") || (MSM_ADSP == "m")) && (((DREAM == "y") || (DREAM == "m")) && ((STAGING == "y") || (STAGING == "m")))))
drivers/staging/dream/qdsp5/adsp_driver.c:  (((MSM_ADSP == "y") || (MSM_ADSP == "m")) && (((DREAM == "y") || (DREAM == "m")) && ((STAGING == "y") || (STAGING == "m"))))
drivers/staging/dream/qdsp5/adsp_info.c:  ((MSM_AMSS_VERSION_6350 == "y") && (((MSM_ADSP == "y") || (MSM_ADSP == "m")) && (((DREAM == "y") || (DREAM == "m")) && ((STAGING == "y") || (STAGING == "m")))))
drivers/staging/dream/qdsp5/adsp_jpeg_patch_event.c:  (((MSM_ADSP == "y") || (MSM_ADSP == "m")) && (((DREAM == "y") || (DREAM == "m")) && ((STAGING == "y") || (STAGING == "m"))))
drivers/staging/dream/qdsp5/adsp_jpeg_verify_cmd.c:  (((MSM_ADSP == "y") || (MSM_ADSP == "m")) && (((DREAM == "y") || (DREAM == "m")) && ((STAGING == "y") || (STAGING == "m"))))
drivers/staging/dream/qdsp5/adsp_lpm_verify_cmd.c:  (((MSM_ADSP == "y") || (MSM_ADSP == "m")) && (((DREAM == "y") || (DREAM == "m")) && ((STAGING == "y") || (STAGING == "m"))))
drivers/staging/dream/qdsp5/adsp_vfe_patch_event.c:  (((MSM_ADSP == "y") || (MSM_ADSP == "m")) && (((DREAM == "y") || (DREAM == "m")) && ((STAGING == "y") || (STAGING == "m"))))
drivers/staging/dream/qdsp5/adsp_vfe_verify_cmd.c:  (((MSM_ADSP == "y") || (MSM_ADSP == "m")) && (((DREAM == "y") || (DREAM == "m")) && ((STAGING == "y") || (STAGING == "m"))))
drivers/staging/dream/qdsp5/adsp_video_verify_cmd.c:  (((MSM_ADSP == "y") || (MSM_ADSP == "m")) && (((DREAM == "y") || (DREAM == "m")) && ((STAGING == "y") || (STAGING == "m"))))
drivers/staging/dream/qdsp5/adsp_videoenc_verify_cmd.c:  (((MSM_ADSP == "y") || (MSM_ADSP == "m")) && (((DREAM == "y") || (DREAM == "m")) && ((STAGING == "y") || (STAGING == "m"))))
drivers/staging/dream/qdsp5/audio_aac.c:  ((MSM_AMSS_VERSION_6350 == "y") && (((MSM_ADSP == "y") || (MSM_ADSP == "m")) && (((DREAM == "y") || (DREAM == "m")) && ((STAGING == "y") || (STAGING == "m")))))
drivers/staging/dream/qdsp5/audio_amrnb.c:  ((MSM_AMSS_VERSION_6350 == "y") && (((MSM_ADSP == "y") || (MSM_ADSP == "m")) && (((DREAM == "y") || (DREAM == "m")) && ((STAGING == "y") || (STAGING == "m")))))
drivers/staging/dream/qdsp5/audio_evrc.c:  ((MSM_AMSS_VERSION_6350 == "y") && (((MSM_ADSP == "y") || (MSM_ADSP == "m")) && (((DREAM == "y") || (DREAM == "m")) && ((STAGING == "y") || (STAGING == "m")))))
drivers/staging/dream/qdsp5/audio_in.c:  (((MSM_ADSP == "y") || (MSM_ADSP == "m")) && (((DREAM == "y") || (DREAM == "m")) && ((STAGING == "y") || (STAGING == "m"))))
drivers/staging/dream/qdsp5/audio_mp3.c:  (((MSM_ADSP == "y") || (MSM_ADSP == "m")) && (((DREAM == "y") || (DREAM == "m")) && ((STAGING == "y") || (STAGING == "m"))))
drivers/staging/dream/qdsp5/audio_out.c:  (((MSM_ADSP == "y") || (MSM_ADSP == "m")) && (((DREAM == "y") || (DREAM == "m")) && ((STAGING == "y") || (STAGING == "m"))))
drivers/staging/dream/qdsp5/audio_qcelp.c:  ((MSM_AMSS_VERSION_6350 == "y") && (((MSM_ADSP == "y") || (MSM_ADSP == "m")) && (((DREAM == "y") || (DREAM == "m")) && ((STAGING == "y") || (STAGING == "m")))))
drivers/staging/dream/qdsp5/audmgr.c:  (((MSM_ADSP == "y") || (MSM_ADSP == "m")) && (((DREAM == "y") || (DREAM == "m")) && ((STAGING == "y") || (STAGING == "m"))))
drivers/staging/dream/qdsp5/audpp.c:  (((MSM_ADSP == "y") || (MSM_ADSP == "m")) && (((DREAM == "y") || (DREAM == "m")) && ((STAGING == "y") || (STAGING == "m"))))
drivers/staging/dream/qdsp5/snd.c:  (((MSM_ADSP == "y") || (MSM_ADSP == "m")) && (((DREAM == "y") || (DREAM == "m")) && ((STAGING == "y") || (STAGING == "m"))))
drivers/staging/dream/smd/rpc_server_dog_keepalive.c:  (((MSM_RPCSERVERS == "y") || (MSM_RPCSERVERS == "m")) && (((MSM_ADSP == "y") || (MSM_ADSP == "m")) && (((DREAM == "y") || (DREAM == "m")) && ((STAGING == "y") || (STAGING == "m")))))
drivers/staging/dream/smd/rpc_server_time_remote.c:  (((MSM_RPCSERVERS == "y") || (MSM_RPCSERVERS == "m")) && (((MSM_ADSP == "y") || (MSM_ADSP == "m")) && (((DREAM == "y") || (DREAM == "m")) && ((STAGING == "y") || (STAGING == "m")))))
drivers/staging/dream/smd/smd.c:  (((MSM_SMD == "y") || (MSM_SMD == "m")) && (((MSM_ADSP == "y") || (MSM_ADSP == "m")) && (((DREAM == "y") || (DREAM == "m")) && ((STAGING == "y") || (STAGING == "m")))))
drivers/staging/dream/smd/smd_qmi.c:  (((MSM_SMD == "y") || (MSM_SMD == "m")) && (((MSM_ADSP == "y") || (MSM_ADSP == "m")) && (((DREAM == "y") || (DREAM == "m")) && ((STAGING == "y") || (STAGING == "m")))))
drivers/staging/dream/smd/smd_rpcrouter.c:  (((MSM_ONCRPCROUTER == "y") || (MSM_ONCRPCROUTER == "m")) && (((MSM_ADSP == "y") || (MSM_ADSP == "m")) && (((DREAM == "y") || (DREAM == "m")) && ((STAGING == "y") || (STAGING == "m")))))
drivers/staging/dream/smd/smd_rpcrouter_device.c:  (((MSM_ONCRPCROUTER == "y") || (MSM_ONCRPCROUTER == "m")) && (((MSM_ADSP == "y") || (MSM_ADSP == "m")) && (((DREAM == "y") || (DREAM == "m")) && ((STAGING == "y") || (STAGING == "m")))))
drivers/staging/dream/smd/smd_rpcrouter_servers.c:  (((MSM_ONCRPCROUTER == "y") || (MSM_ONCRPCROUTER == "m")) && (((MSM_ADSP == "y") || (MSM_ADSP == "m")) && (((DREAM == "y") || (DREAM == "m")) && ((STAGING == "y") || (STAGING == "m")))))
drivers/staging/dream/smd/smd_tty.c:  (((MSM_SMD == "y") || (MSM_SMD == "m")) && (((MSM_ADSP == "y") || (MSM_ADSP == "m")) && (((DREAM == "y") || (DREAM == "m")) && ((STAGING == "y") || (STAGING == "m")))))
drivers/video/atmel_lcdfb.c:  ((FB_ATMEL == "y") || (FB_ATMEL == "m"))
drivers/video/sgivwfb.c:  ((FB_SGIVW == "y") || (FB_SGIVW == "m"))
drivers/video/sh_mobile_lcdcfb.c:  ((FB_SH_MOBILE_LCDC == "y") || (FB_SH_MOBILE_LCDC == "m"))
drivers/w1/masters/ds1wm.c:  (((W1_MASTER_DS1WM == "y") || (W1_MASTER_DS1WM == "m")) && ((W1 == "y") || (W1 == "m")))
drivers/watchdog/rdc321x_wdt.c:  (((RDC321X_WDT == "y") || (RDC321X_WDT == "m")) && ((WATCHDOG == "y") || (WATCHDOG == "m")))
fs/binfmt_flat.c:  ((BINFMT_FLAT == "y") || (BINFMT_FLAT == "m"))
fs/compat.c:  ((COMPAT == "y") || (COMPAT == "m"))
fs/compat_binfmt_elf.c:  ((COMPAT_BINFMT_ELF == "y") || (COMPAT_BINFMT_ELF == "m"))
fs/compat_ioctl.c:  ((COMPAT == "y") || (COMPAT == "m"))
ipc/compat.c:  ((SYSVIPC_COMPAT == "y") || (SYSVIPC_COMPAT == "m"))
ipc/compat_mq.c:  ((COMPAT == "y") && ((POSIX_MQUEUE == "y") || (POSIX_MQUEUE == "m")))
kernel/compat.c:  ((COMPAT == "y") || (COMPAT == "m"))
kernel/futex_compat.c:  (((FUTEX == "y") || (FUTEX == "m")) && (COMPAT == "y"))
kernel/trace/trace_hw_branches.c:  (((HW_BRANCH_TRACER == "y") || (HW_BRANCH_TRACER == "m")) && (((((FUNCTION_TRACER == "y") || (FUNCTION_TRACER == "m")) || ((TRACING == "y") || (TRACING == "m"))) || ((X86_DS == "y") || (X86_DS == "m"))) || ((RING_BUFFER == "y") || (RING_BUFFER == "m"))))
lib/atomic64.c:  ((GENERIC_ATOMIC64 == "y") || (GENERIC_ATOMIC64 == "m"))
lib/iommu-helper.c:  ((IOMMU_HELPER == "y") || (IOMMU_HELPER == "m"))
lib/lmb.c:  ((HAVE_LMB == "y") || (HAVE_LMB == "m"))
lib/rwsem-spinlock.c:  ((RWSEM_GENERIC_SPINLOCK == "y") || (RWSEM_GENERIC_SPINLOCK == "m"))
lib/swiotlb.c:  ((SWIOTLB == "y") || (SWIOTLB == "m"))
mm/debug-pagealloc.c:  ((PAGE_POISONING == "y") || (PAGE_POISONING == "m"))
mm/sparse-vmemmap.c:  ((SPARSEMEM_VMEMMAP == "y") || (SPARSEMEM_VMEMMAP == "m"))
net/8021q/vlan.c:  (((VLAN_8021Q == "y") || (VLAN_8021Q == "m")) && InvalidExpression())
net/8021q/vlan_dev.c:  (((VLAN_8021Q == "y") || (VLAN_8021Q == "m")) && InvalidExpression())
net/8021q/vlan_gvrp.c:  ((VLAN_8021Q_GVRP == "y") && (((VLAN_8021Q == "y") || (VLAN_8021Q == "m")) && InvalidExpression()))
net/8021q/vlan_netlink.c:  (((VLAN_8021Q == "y") || (VLAN_8021Q == "m")) && InvalidExpression())
net/8021q/vlanproc.c:  ((PROC_FS == "y") && (((VLAN_8021Q == "y") || (VLAN_8021Q == "m")) && InvalidExpression()))
net/compat.c:  ((COMPAT == "y") && ((NET == "y") || (NET == "m")))
net/dcb/dcbnl.c:  (((DCB == "y") || (DCB == "m")) && InvalidExpression())
net/ipv4/tcp_cubic.c:  (((TCP_CONG_CUBIC == "y") || (TCP_CONG_CUBIC == "m")) && ((INET == "y") || (INET == "m")))
net/ipv6/addrconf.c:  (((IPV6 == "y") || (IPV6 == "m")) && InvalidExpression())
net/ipv6/addrconf_core.c:  InvalidExpression()
net/ipv6/addrlabel.c:  (((IPV6 == "y") || (IPV6 == "m")) && InvalidExpression())
net/ipv6/af_inet6.c:  (((IPV6 == "y") || (IPV6 == "m")) && InvalidExpression())
net/ipv6/ah6.c:  (((INET6_AH == "y") || (INET6_AH == "m")) && InvalidExpression())
net/ipv6/anycast.c:  (((IPV6 == "y") || (IPV6 == "m")) && InvalidExpression())
net/ipv6/datagram.c:  (((IPV6 == "y") || (IPV6 == "m")) && InvalidExpression())
net/ipv6/esp6.c:  (((INET6_ESP == "y") || (INET6_ESP == "m")) && InvalidExpression())
net/ipv6/exthdrs.c:  (((IPV6 == "y") || (IPV6 == "m")) && InvalidExpression())
net/ipv6/exthdrs_core.c:  InvalidExpression()
net/ipv6/fib6_rules.c:  ((IPV6_MULTIPLE_TABLES == "y") && (((IPV6 == "y") || (IPV6 == "m")) && InvalidExpression()))
net/ipv6/icmp.c:  (((IPV6 == "y") || (IPV6 == "m")) && InvalidExpression())
net/ipv6/inet6_connection_sock.c:  (((IPV6 == "y") || (IPV6 == "m")) && InvalidExpression())
net/ipv6/ip6_fib.c:  (((IPV6 == "y") || (IPV6 == "m")) && InvalidExpression())
net/ipv6/ip6_flowlabel.c:  (((IPV6 == "y") || (IPV6 == "m")) && InvalidExpression())
net/ipv6/ip6_input.c:  (((IPV6 == "y") || (IPV6 == "m")) && InvalidExpression())
net/ipv6/ip6_output.c:  (((IPV6 == "y") || (IPV6 == "m")) && InvalidExpression())
net/ipv6/ip6_tunnel.c:  (((IPV6_TUNNEL == "y") || (IPV6_TUNNEL == "m")) && InvalidExpression())
net/ipv6/ip6mr.c:  ((IPV6_MROUTE == "y") && (((IPV6 == "y") || (IPV6 == "m")) && InvalidExpression()))
net/ipv6/ipcomp6.c:  (((INET6_IPCOMP == "y") || (INET6_IPCOMP == "m")) && InvalidExpression())
net/ipv6/ipv6_sockglue.c:  (((IPV6 == "y") || (IPV6 == "m")) && InvalidExpression())
net/ipv6/mcast.c:  (((IPV6 == "y") || (IPV6 == "m")) && InvalidExpression())
net/ipv6/mip6.c:  (((IPV6_MIP6 == "y") || (IPV6_MIP6 == "m")) && InvalidExpression())
net/ipv6/ndisc.c:  (((IPV6 == "y") || (IPV6 == "m")) && InvalidExpression())
net/ipv6/netfilter.c:  ((NETFILTER == "y") && (((IPV6 == "y") || (IPV6 == "m")) && InvalidExpression()))
net/ipv6/netfilter/ip6_queue.c:  (((IP6_NF_QUEUE == "y") || (IP6_NF_QUEUE == "m")) && (((NETFILTER == "y") || (NETFILTER == "m")) && InvalidExpression()))
net/ipv6/netfilter/ip6_tables.c:  (((IP6_NF_IPTABLES == "y") || (IP6_NF_IPTABLES == "m")) && (((NETFILTER == "y") || (NETFILTER == "m")) && InvalidExpression()))
net/ipv6/netfilter/ip6t_LOG.c:  (((IP6_NF_TARGET_LOG == "y") || (IP6_NF_TARGET_LOG == "m")) && (((NETFILTER == "y") || (NETFILTER == "m")) && InvalidExpression()))
net/ipv6/netfilter/ip6t_REJECT.c:  (((IP6_NF_TARGET_REJECT == "y") || (IP6_NF_TARGET_REJECT == "m")) && (((NETFILTER == "y") || (NETFILTER == "m")) && InvalidExpression()))
net/ipv6/netfilter/ip6t_ah.c:  (((IP6_NF_MATCH_AH == "y") || (IP6_NF_MATCH_AH == "m")) && (((NETFILTER == "y") || (NETFILTER == "m")) && InvalidExpression()))
net/ipv6/netfilter/ip6t_eui64.c:  (((IP6_NF_MATCH_EUI64 == "y") || (IP6_NF_MATCH_EUI64 == "m")) && (((NETFILTER == "y") || (NETFILTER == "m")) && InvalidExpression()))
net/ipv6/netfilter/ip6t_frag.c:  (((IP6_NF_MATCH_FRAG == "y") || (IP6_NF_MATCH_FRAG == "m")) && (((NETFILTER == "y") || (NETFILTER == "m")) && InvalidExpression()))
net/ipv6/netfilter/ip6t_hbh.c:  (((IP6_NF_MATCH_OPTS == "y") || (IP6_NF_MATCH_OPTS == "m")) && (((NETFILTER == "y") || (NETFILTER == "m")) && InvalidExpression()))
net/ipv6/netfilter/ip6t_ipv6header.c:  (((IP6_NF_MATCH_IPV6HEADER == "y") || (IP6_NF_MATCH_IPV6HEADER == "m")) && (((NETFILTER == "y") || (NETFILTER == "m")) && InvalidExpression()))
net/ipv6/netfilter/ip6t_mh.c:  (((IP6_NF_MATCH_MH == "y") || (IP6_NF_MATCH_MH == "m")) && (((NETFILTER == "y") || (NETFILTER == "m")) && InvalidExpression()))
net/ipv6/netfilter/ip6t_rt.c:  (((IP6_NF_MATCH_RT == "y") || (IP6_NF_MATCH_RT == "m")) && (((NETFILTER == "y") || (NETFILTER == "m")) && InvalidExpression()))
net/ipv6/netfilter/ip6table_filter.c:  (((IP6_NF_FILTER == "y") || (IP6_NF_FILTER == "m")) && (((NETFILTER == "y") || (NETFILTER == "m")) && InvalidExpression()))
net/ipv6/netfilter/ip6table_mangle.c:  (((IP6_NF_MANGLE == "y") || (IP6_NF_MANGLE == "m")) && (((NETFILTER == "y") || (NETFILTER == "m")) && InvalidExpression()))
net/ipv6/netfilter/ip6table_raw.c:  (((IP6_NF_RAW == "y") || (IP6_NF_RAW == "m")) && (((NETFILTER == "y") || (NETFILTER == "m")) && InvalidExpression()))
net/ipv6/netfilter/ip6table_security.c:  (((IP6_NF_SECURITY == "y") || (IP6_NF_SECURITY == "m")) && (((NETFILTER == "y") || (NETFILTER == "m")) && InvalidExpression()))
net/ipv6/netfilter/nf_conntrack_l3proto_ipv6.c:  (((NF_CONNTRACK_IPV6 == "y") || (NF_CONNTRACK_IPV6 == "m")) && (((NETFILTER == "y") || (NETFILTER == "m")) && InvalidExpression()))
net/ipv6/netfilter/nf_conntrack_proto_icmpv6.c:  (((NF_CONNTRACK_IPV6 == "y") || (NF_CONNTRACK_IPV6 == "m")) && (((NETFILTER == "y") || (NETFILTER == "m")) && InvalidExpression()))
net/ipv6/netfilter/nf_conntrack_reasm.c:  (((NF_CONNTRACK_IPV6 == "y") || (NF_CONNTRACK_IPV6 == "m")) && (((NETFILTER == "y") || (NETFILTER == "m")) && InvalidExpression()))
net/ipv6/proc.c:  ((PROC_FS == "y") && (((IPV6 == "y") || (IPV6 == "m")) && InvalidExpression()))
net/ipv6/protocol.c:  (((IPV6 == "y") || (IPV6 == "m")) && InvalidExpression())
net/ipv6/raw.c:  (((IPV6 == "y") || (IPV6 == "m")) && InvalidExpression())
net/ipv6/reassembly.c:  (((IPV6 == "y") || (IPV6 == "m")) && InvalidExpression())
net/ipv6/route.c:  (((IPV6 == "y") || (IPV6 == "m")) && InvalidExpression())
net/ipv6/sit.c:  (((IPV6_SIT == "y") || (IPV6_SIT == "m")) && InvalidExpression())
net/ipv6/syncookies.c:  ((SYN_COOKIES == "y") && (((IPV6 == "y") || (IPV6 == "m")) && InvalidExpression()))
net/ipv6/sysctl_net_ipv6.c:  ((SYSCTL == "y") && (((IPV6 == "y") || (IPV6 == "m")) && InvalidExpression()))
net/ipv6/tcp_ipv6.c:  (((IPV6 == "y") || (IPV6 == "m")) && InvalidExpression())
net/ipv6/tunnel6.c:  (((INET6_TUNNEL == "y") || (INET6_TUNNEL == "m")) && InvalidExpression())
net/ipv6/udp.c:  (((IPV6 == "y") || (IPV6 == "m")) && InvalidExpression())
net/ipv6/udplite.c:  (((IPV6 == "y") || (IPV6 == "m")) && InvalidExpression())
net/ipv6/xfrm6_input.c:  ((XFRM == "y") && (((IPV6 == "y") || (IPV6 == "m")) && InvalidExpression()))
net/ipv6/xfrm6_mode_beet.c:  (((INET6_XFRM_MODE_BEET == "y") || (INET6_XFRM_MODE_BEET == "m")) && InvalidExpression())
net/ipv6/xfrm6_mode_ro.c:  (((INET6_XFRM_MODE_ROUTEOPTIMIZATION == "y") || (INET6_XFRM_MODE_ROUTEOPTIMIZATION == "m")) && InvalidExpression())
net/ipv6/xfrm6_mode_transport.c:  (((INET6_XFRM_MODE_TRANSPORT == "y") || (INET6_XFRM_MODE_TRANSPORT == "m")) && InvalidExpression())
net/ipv6/xfrm6_mode_tunnel.c:  (((INET6_XFRM_MODE_TUNNEL == "y") || (INET6_XFRM_MODE_TUNNEL == "m")) && InvalidExpression())
net/ipv6/xfrm6_output.c:  ((XFRM == "y") && (((IPV6 == "y") || (IPV6 == "m")) && InvalidExpression()))
net/ipv6/xfrm6_policy.c:  ((XFRM == "y") && (((IPV6 == "y") || (IPV6 == "m")) && InvalidExpression()))
net/ipv6/xfrm6_state.c:  ((XFRM == "y") && (((IPV6 == "y") || (IPV6 == "m")) && InvalidExpression()))
net/ipv6/xfrm6_tunnel.c:  (((INET6_XFRM_TUNNEL == "y") || (INET6_XFRM_TUNNEL == "m")) && InvalidExpression())
sound/oss/vwsnd.c:  (((SOUND_VWSND == "y") || (SOUND_VWSND == "m")) && (((SOUND_PRIME == "y") || (SOUND_PRIME == "m")) || ((DMASOUND == "y") || (DMASOUND == "m"))))
sound/soc/au1x/psc-i2s.c:  (((SND_SOC_AU1XPSC_I2S == "y") || (SND_SOC_AU1XPSC_I2S == "m")) && (((SND_SOC == "y") || (SND_SOC == "m")) && ((SND == "y") || (SND == "m"))))
sound/soc/fsl/soc-of-simple.c:  (((SND_SOC_OF_SIMPLE == "y") || (SND_SOC_OF_SIMPLE == "m")) && (((SND_SOC == "y") || (SND_SOC == "m")) && ((SND == "y") || (SND == "m"))))
sound/soc/s3c24xx/s3c-pcm.c:  (((SND_S3C_SOC_PCM == "y") || (SND_S3C_SOC_PCM == "m")) && (((SND_SOC == "y") || (SND_SOC == "m")) && ((SND == "y") || (SND == "m"))))
sound/soc/s3c24xx/s3c64xx-i2s.c:  (((SND_S3C64XX_SOC_I2S == "y") || (SND_S3C64XX_SOC_I2S == "m")) && (((SND_SOC == "y") || (SND_SOC == "m")) && ((SND == "y") || (SND == "m"))))
sound/soc/s3c24xx/smdk64xx_wm8580.c:  (((SND_S3C64XX_SOC_WM8580 == "y") || (SND_S3C64XX_SOC_WM8580 == "m")) && (((SND_SOC == "y") || (SND_SOC == "m")) && ((SND == "y") || (SND == "m"))))
sound/soc/sh/ssi.c:  (((SND_SOC_SH4_SSI == "y") || (SND_SOC_SH4_SSI == "m")) && (((SND_SOC == "y") || (SND_SOC == "m")) && ((SND == "y") || (SND == "m"))))
sound/soc/txx9/txx9aclc-ac97.c:  (((SND_SOC_TXX9ACLC_AC97 == "y") || (SND_SOC_TXX9ACLC_AC97 == "m")) && (((SND_SOC == "y") || (SND_SOC == "m")) && ((SND == "y") || (SND == "m"))))
sound/soc/txx9/txx9aclc-generic.c:  (((SND_SOC_TXX9ACLC_GENERIC == "y") || (SND_SOC_TXX9ACLC_GENERIC == "m")) && (((SND_SOC == "y") || (SND_SOC == "m")) && ((SND == "y") || (SND == "m"))))
sound/soc/txx9/txx9aclc.c:  (((SND_SOC_TXX9ACLC == "y") || (SND_SOC_TXX9ACLC == "m")) && (((SND_SOC == "y") || (SND_SOC == "m")) && ((SND == "y") || (SND == "m"))))
sound/sparc/amd7930.c:  (((SND_SUN_AMD7930 == "y") || (SND_SUN_AMD7930 == "m")) && ((SND == "y") || (SND == "m")))
sound/sparc/dbri.c:  (((SND_SUN_DBRI == "y") || (SND_SUN_DBRI == "m")) && ((SND == "y") || (SND == "m")))
